Database path: C:\xampp\htdocs\Wind Net\includes/inventory.db
Request received: {"category":"Processor"}
Processing category: Processor
Found 15 items for category: Processor
Database path: C:\xampp\htdocs\Wind Net\includes/inventory.db
Request received: {"category":"RAM"}
Processing category: RAM
Found 10 items for category: RAM
Database path: C:\xampp\htdocs\Wind Net\includes/inventory.db
Request received: {"category":"Monitor"}
Processing category: Monitor
Found 9 items for category: Monitor
Database path: C:\xampp\htdocs\Wind Net\includes/inventory.db
Request received: {"category":"Casing"}
Processing category: Casing
Found 40 items for category: Casing
Database path: C:\xampp\htdocs\Wind Net\includes/inventory.db
Request received: {"category":"CPU Cooler"}
Processing category: CPU Cooler
Found 23 items for category: CPU Cooler
Database path: C:\xampp\htdocs\Wind Net\includes/inventory.db
Request received: {"category":"RAM"}
Processing category: RAM
Found 10 items for category: RAM
Database path: C:\xampp\htdocs\Wind Net\includes/inventory.db
Request received: {"category":"Monitor"}
Processing category: Monitor
Found 9 items for category: Monitor
Database path: C:\xampp\htdocs\Wind Net\includes/inventory.db
Request received: {"category":"Processor"}
Processing category: Processor
Found 15 items for category: Processor
Database path: C:\xampp\htdocs\Wind Net\includes/inventory.db
Request received: {"category":"Motherboard"}
Processing category: Motherboard
Found 21 items for category: Motherboard
Database path: C:\xampp\htdocs\Wind Net\includes/inventory.db
Request received: {"category":"RAM"}
Processing category: RAM
Found 10 items for category: RAM
Database path: C:\xampp\htdocs\Wind Net\includes/inventory.db
Request received: {"category":"RAM"}
Processing category: RAM
Found 10 items for category: RAM
